{
  "results": [
    {
      "error": "unknown format, nothing to handle"
    }
  ]
}