{
  "results": [
    {
      "error": "no queries found in request"
    }
  ]
}